[0.053s][info][gc] Using G1
[363.125s][info][gc] GC(0) Pause Young (Normal) (G1 Evacuation Pause) 1024M->20M(2048M) 9.861ms
[796.112s][info][gc] GC(1) Pause Young (Normal) (G1 Evacuation Pause) 1023M->20M(2048M) 7.199ms
[1240.118s][info][gc] GC(2) Pause Young (Normal) (G1 Evacuation Pause) 1023M->21M(2048M) 7.859ms
[1685.107s][info][gc] GC(3) Pause Young (Normal) (G1 Evacuation Pause) 1024M->21M(2048M) 7.137ms
[2129.119s][info][gc] GC(4) Pause Young (Normal) (G1 Evacuation Pause) 1023M->21M(2048M) 6.423ms
[2574.115s][info][gc] GC(5) Pause Young (Normal) (G1 Evacuation Pause) 1023M->20M(2048M) 6.591ms
[3019.108s][info][gc] GC(6) Pause Young (Normal) (G1 Evacuation Pause) 1023M->20M(2048M) 7.076ms
[3465.116s][info][gc] GC(7) Pause Young (Normal) (G1 Evacuation Pause) 1023M->20M(2048M) 7.774ms
[3907.151s][info][gc] GC(8) Pause Young (Normal) (G1 Evacuation Pause) 1023M->22M(2048M) 7.329ms
[4350.110s][info][gc] GC(9) Pause Young (Normal) (G1 Evacuation Pause) 1024M->21M(2048M) 7.182ms
[4795.117s][info][gc] GC(10) Pause Young (Normal) (G1 Evacuation Pause) 1023M->20M(2048M) 6.913ms
[5241.118s][info][gc] GC(11) Pause Young (Normal) (G1 Evacuation Pause) 1023M->20M(2048M) 6.849ms
[5687.476s][info][gc] GC(12) Pause Young (Normal) (G1 Evacuation Pause) 1024M->19M(2048M) 6.704ms
[6134.109s][info][gc] GC(13) Pause Young (Normal) (G1 Evacuation Pause) 1023M->20M(2048M) 7.031ms
