[0.048s][info][gc] Using G1
[367.031s][info][gc] GC(0) Pause Young (Normal) (G1 Evacuation Pause) 1024M->20M(2048M) 9.838ms
[810.026s][info][gc] GC(1) Pause Young (Normal) (G1 Evacuation Pause) 1023M->21M(2048M) 7.194ms
[1253.034s][info][gc] GC(2) Pause Young (Normal) (G1 Evacuation Pause) 1023M->22M(2048M) 6.635ms
[1697.026s][info][gc] GC(3) Pause Young (Normal) (G1 Evacuation Pause) 1023M->21M(2048M) 6.502ms
[2142.037s][info][gc] GC(4) Pause Young (Normal) (G1 Evacuation Pause) 1023M->21M(2048M) 6.834ms
[2587.614s][info][gc] GC(5) Pause Young (Normal) (G1 Evacuation Pause) 1023M->20M(2048M) 7.302ms
[3024.048s][info][gc] GC(6) Pause Young (Normal) (G1 Evacuation Pause) 1023M->20M(2048M) 6.807ms
[3456.029s][info][gc] GC(7) Pause Young (Normal) (G1 Evacuation Pause) 1023M->26M(2048M) 7.965ms
[3892.040s][info][gc] GC(8) Pause Young (Normal) (G1 Evacuation Pause) 1023M->27M(2048M) 8.037ms
[4300.037s][info][gc] GC(9) Pause Young (Normal) (G1 Evacuation Pause) 1024M->27M(2048M) 7.693ms
[4901.549s][info][gc] GC(10) Pause Young (Normal) (G1 Evacuation Pause) 1023M->27M(2048M) 7.825ms
