[0.047s][info][gc] Using G1
[373.375s][info][gc] GC(0) Pause Young (Normal) (G1 Evacuation Pause) 1024M->19M(2048M) 9.674ms
[814.370s][info][gc] GC(1) Pause Young (Normal) (G1 Evacuation Pause) 1023M->20M(2048M) 7.251ms
[1233.371s][info][gc] GC(2) Pause Young (Normal) (G1 Evacuation Pause) 1023M->21M(2048M) 6.794ms
[1673.372s][info][gc] GC(3) Pause Young (Normal) (G1 Evacuation Pause) 1023M->21M(2048M) 6.635ms
[2115.370s][info][gc] GC(4) Pause Young (Normal) (G1 Evacuation Pause) 1023M->21M(2048M) 6.447ms
[2557.372s][info][gc] GC(5) Pause Young (Normal) (G1 Evacuation Pause) 1023M->20M(2048M) 7.102ms
[3000.369s][info][gc] GC(6) Pause Young (Normal) (G1 Evacuation Pause) 1024M->20M(2048M) 7.008ms
[3443.371s][info][gc] GC(7) Pause Young (Normal) (G1 Evacuation Pause) 1023M->20M(2048M) 6.574ms
[3886.371s][info][gc] GC(8) Pause Young (Normal) (G1 Evacuation Pause) 1024M->20M(2048M) 6.192ms
[4329.372s][info][gc] GC(9) Pause Young (Normal) (G1 Evacuation Pause) 1023M->20M(2048M) 6.391ms
[4773.371s][info][gc] GC(10) Pause Young (Normal) (G1 Evacuation Pause) 1024M->20M(2048M) 6.412ms
[5216.371s][info][gc] GC(11) Pause Young (Normal) (G1 Evacuation Pause) 1023M->20M(2048M) 6.334ms
[5659.371s][info][gc] GC(12) Pause Young (Normal) (G1 Evacuation Pause) 1023M->20M(2048M) 5.931ms
[6102.372s][info][gc] GC(13) Pause Young (Normal) (G1 Evacuation Pause) 1023M->20M(2048M) 6.337ms
[6545.372s][info][gc] GC(14) Pause Young (Normal) (G1 Evacuation Pause) 1023M->20M(2048M) 6.712ms
[6988.374s][info][gc] GC(15) Pause Young (Normal) (G1 Evacuation Pause) 1023M->21M(2048M) 8.638ms
[7439.436s][info][gc] GC(16) Pause Young (Normal) (G1 Evacuation Pause) 1041M->20M(2048M) 8.585ms
[7890.366s][info][gc] GC(17) Pause Young (Normal) (G1 Evacuation Pause) 1042M->20M(2048M) 1.181ms
[8342.366s][info][gc] GC(18) Pause Young (Normal) (G1 Evacuation Pause) 1043M->20M(2048M) 1.123ms
[8794.366s][info][gc] GC(19) Pause Young (Normal) (G1 Evacuation Pause) 1043M->20M(2048M) 0.960ms
[9247.366s][info][gc] GC(20) Pause Young (Normal) (G1 Evacuation Pause) 1043M->20M(2048M) 2.029ms
[9698.558s][info][gc] GC(21) Pause Young (Normal) (G1 Evacuation Pause) 1043M->20M(2048M) 0.834ms
[10150.367s][info][gc] GC(22) Pause Young (Normal) (G1 Evacuation Pause) 1043M->20M(2048M) 0.898ms
[10602.366s][info][gc] GC(23) Pause Young (Normal) (G1 Evacuation Pause) 1043M->20M(2048M) 0.799ms
[11054.366s][info][gc] GC(24) Pause Young (Normal) (G1 Evacuation Pause) 1043M->20M(2048M) 0.759ms
[11507.365s][info][gc] GC(25) Pause Young (Normal) (G1 Evacuation Pause) 1043M->20M(2048M) 0.757ms
[11959.071s][info][gc] GC(26) Pause Young (Normal) (G1 Evacuation Pause) 1043M->20M(2048M) 0.924ms
[12411.363s][info][gc] GC(27) Pause Young (Normal) (G1 Evacuation Pause) 1043M->20M(2048M) 0.748ms
[12863.363s][info][gc] GC(28) Pause Young (Normal) (G1 Evacuation Pause) 1043M->20M(2048M) 0.732ms
[13314.366s][info][gc] GC(29) Pause Young (Normal) (G1 Evacuation Pause) 1043M->20M(2048M) 0.751ms
[13766.366s][info][gc] GC(30) Pause Young (Normal) (G1 Evacuation Pause) 1043M->20M(2048M) 0.749ms
[14218.366s][info][gc] GC(31) Pause Young (Normal) (G1 Evacuation Pause) 1043M->20M(2048M) 0.737ms
[14670.366s][info][gc] GC(32) Pause Young (Normal) (G1 Evacuation Pause) 1043M->20M(2048M) 0.730ms
[15122.366s][info][gc] GC(33) Pause Young (Normal) (G1 Evacuation Pause) 1043M->20M(2048M) 0.782ms
[15574.367s][info][gc] GC(34) Pause Young (Normal) (G1 Evacuation Pause) 1043M->20M(2048M) 0.783ms
[16026.365s][info][gc] GC(35) Pause Young (Normal) (G1 Evacuation Pause) 1043M->20M(2048M) 0.708ms
[16478.365s][info][gc] GC(36) Pause Young (Normal) (G1 Evacuation Pause) 1043M->20M(2048M) 0.703ms
[16930.365s][info][gc] GC(37) Pause Young (Normal) (G1 Evacuation Pause) 1043M->20M(2048M) 0.760ms
[17382.365s][info][gc] GC(38) Pause Young (Normal) (G1 Evacuation Pause) 1043M->20M(2048M) 0.711ms
[17834.365s][info][gc] GC(39) Pause Young (Normal) (G1 Evacuation Pause) 1043M->20M(2048M) 0.722ms
[18286.365s][info][gc] GC(40) Pause Young (Normal) (G1 Evacuation Pause) 1043M->20M(2048M) 0.754ms
[18738.366s][info][gc] GC(41) Pause Young (Normal) (G1 Evacuation Pause) 1043M->20M(2048M) 0.734ms
[19190.366s][info][gc] GC(42) Pause Young (Normal) (G1 Evacuation Pause) 1043M->20M(2048M) 0.706ms
[19642.366s][info][gc] GC(43) Pause Young (Normal) (G1 Evacuation Pause) 1043M->20M(2048M) 0.765ms
[20094.366s][info][gc] GC(44) Pause Young (Normal) (G1 Evacuation Pause) 1043M->20M(2048M) 0.720ms
[20546.366s][info][gc] GC(45) Pause Young (Normal) (G1 Evacuation Pause) 1043M->20M(2048M) 0.711ms
[20999.365s][info][gc] GC(46) Pause Young (Normal) (G1 Evacuation Pause) 1043M->20M(2048M) 0.906ms
[21451.365s][info][gc] GC(47) Pause Young (Normal) (G1 Evacuation Pause) 1043M->20M(2048M) 0.755ms
[21903.366s][info][gc] GC(48) Pause Young (Normal) (G1 Evacuation Pause) 1043M->20M(2048M) 0.731ms
[22355.364s][info][gc] GC(49) Pause Young (Normal) (G1 Evacuation Pause) 1043M->20M(2048M) 0.790ms
[22807.364s][info][gc] GC(50) Pause Young (Normal) (G1 Evacuation Pause) 1043M->20M(2048M) 0.739ms
[23259.365s][info][gc] GC(51) Pause Young (Normal) (G1 Evacuation Pause) 1043M->20M(2048M) 0.741ms
[23711.366s][info][gc] GC(52) Pause Young (Normal) (G1 Evacuation Pause) 1043M->20M(2048M) 0.716ms
[24163.366s][info][gc] GC(53) Pause Young (Normal) (G1 Evacuation Pause) 1043M->20M(2048M) 0.722ms
[24615.366s][info][gc] GC(54) Pause Young (Normal) (G1 Evacuation Pause) 1043M->20M(2048M) 0.713ms
[25067.366s][info][gc] GC(55) Pause Young (Normal) (G1 Evacuation Pause) 1043M->20M(2048M) 0.703ms
[25520.363s][info][gc] GC(56) Pause Young (Normal) (G1 Evacuation Pause) 1043M->20M(2048M) 0.746ms
[25971.366s][info][gc] GC(57) Pause Young (Normal) (G1 Evacuation Pause) 1043M->20M(2048M) 0.702ms
[26424.364s][info][gc] GC(58) Pause Young (Normal) (G1 Evacuation Pause) 1043M->20M(2048M) 0.706ms
[26875.366s][info][gc] GC(59) Pause Young (Normal) (G1 Evacuation Pause) 1043M->20M(2048M) 0.713ms
[27328.246s][info][gc] GC(60) Pause Young (Normal) (G1 Evacuation Pause) 1043M->20M(2048M) 0.732ms
[27779.366s][info][gc] GC(61) Pause Young (Normal) (G1 Evacuation Pause) 1043M->20M(2048M) 0.705ms
[28232.363s][info][gc] GC(62) Pause Young (Normal) (G1 Evacuation Pause) 1043M->20M(2048M) 0.796ms
[28684.365s][info][gc] GC(63) Pause Young (Normal) (G1 Evacuation Pause) 1043M->20M(2048M) 0.717ms
[29136.365s][info][gc] GC(64) Pause Young (Normal) (G1 Evacuation Pause) 1043M->20M(2048M) 0.722ms
[29588.365s][info][gc] GC(65) Pause Young (Normal) (G1 Evacuation Pause) 1043M->20M(2048M) 0.782ms
[30040.365s][info][gc] GC(66) Pause Young (Normal) (G1 Evacuation Pause) 1043M->20M(2048M) 0.770ms
[30492.366s][info][gc] GC(67) Pause Young (Normal) (G1 Evacuation Pause) 1043M->20M(2048M) 0.716ms
[30944.366s][info][gc] GC(68) Pause Young (Normal) (G1 Evacuation Pause) 1043M->20M(2048M) 0.714ms
[31396.366s][info][gc] GC(69) Pause Young (Normal) (G1 Evacuation Pause) 1043M->20M(2048M) 0.723ms
[31848.366s][info][gc] GC(70) Pause Young (Normal) (G1 Evacuation Pause) 1043M->20M(2048M) 0.816ms
[32301.364s][info][gc] GC(71) Pause Young (Normal) (G1 Evacuation Pause) 1043M->20M(2048M) 0.733ms
[32753.363s][info][gc] GC(72) Pause Young (Normal) (G1 Evacuation Pause) 1043M->20M(2048M) 0.733ms
[33205.365s][info][gc] GC(73) Pause Young (Normal) (G1 Evacuation Pause) 1043M->20M(2048M) 0.725ms
[33657.365s][info][gc] GC(74) Pause Young (Normal) (G1 Evacuation Pause) 1043M->20M(2048M) 0.867ms
[34109.366s][info][gc] GC(75) Pause Young (Normal) (G1 Evacuation Pause) 1043M->20M(2048M) 0.727ms
[34561.365s][info][gc] GC(76) Pause Young (Normal) (G1 Evacuation Pause) 1043M->20M(2048M) 0.740ms
[35013.366s][info][gc] GC(77) Pause Young (Normal) (G1 Evacuation Pause) 1043M->20M(2048M) 0.755ms
[35465.366s][info][gc] GC(78) Pause Young (Normal) (G1 Evacuation Pause) 1043M->20M(2048M) 0.696ms
[35917.366s][info][gc] GC(79) Pause Young (Normal) (G1 Evacuation Pause) 1043M->20M(2048M) 0.701ms
[36369.365s][info][gc] GC(80) Pause Young (Normal) (G1 Evacuation Pause) 1043M->20M(2048M) 0.708ms
[36821.365s][info][gc] GC(81) Pause Young (Normal) (G1 Evacuation Pause) 1043M->20M(2048M) 0.745ms
[37273.366s][info][gc] GC(82) Pause Young (Normal) (G1 Evacuation Pause) 1043M->20M(2048M) 0.712ms
[37726.365s][info][gc] GC(83) Pause Young (Normal) (G1 Evacuation Pause) 1043M->20M(2048M) 0.708ms
[38178.364s][info][gc] GC(84) Pause Young (Normal) (G1 Evacuation Pause) 1043M->20M(2048M) 0.701ms
[38630.364s][info][gc] GC(85) Pause Young (Normal) (G1 Evacuation Pause) 1043M->20M(2048M) 0.710ms
[39082.366s][info][gc] GC(86) Pause Young (Normal) (G1 Evacuation Pause) 1043M->20M(2048M) 0.736ms
[39534.366s][info][gc] GC(87) Pause Young (Normal) (G1 Evacuation Pause) 1043M->20M(2048M) 0.711ms
[39986.366s][info][gc] GC(88) Pause Young (Normal) (G1 Evacuation Pause) 1043M->20M(2048M) 0.699ms
[40438.366s][info][gc] GC(89) Pause Young (Normal) (G1 Evacuation Pause) 1043M->20M(2048M) 0.727ms
[40890.366s][info][gc] GC(90) Pause Young (Normal) (G1 Evacuation Pause) 1043M->20M(2048M) 0.714ms
[41342.366s][info][gc] GC(91) Pause Young (Normal) (G1 Evacuation Pause) 1043M->20M(2048M) 0.741ms
[41794.366s][info][gc] GC(92) Pause Young (Normal) (G1 Evacuation Pause) 1043M->20M(2048M) 0.698ms
[42247.364s][info][gc] GC(93) Pause Young (Normal) (G1 Evacuation Pause) 1043M->20M(2048M) 0.706ms
[42699.365s][info][gc] GC(94) Pause Young (Normal) (G1 Evacuation Pause) 1043M->20M(2048M) 0.987ms
[43151.363s][info][gc] GC(95) Pause Young (Normal) (G1 Evacuation Pause) 1043M->20M(2048M) 0.702ms
[43603.365s][info][gc] GC(96) Pause Young (Normal) (G1 Evacuation Pause) 1043M->20M(2048M) 0.872ms
[44055.365s][info][gc] GC(97) Pause Young (Normal) (G1 Evacuation Pause) 1043M->20M(2048M) 0.745ms
[44507.366s][info][gc] GC(98) Pause Young (Normal) (G1 Evacuation Pause) 1043M->20M(2048M) 0.704ms
[44959.366s][info][gc] GC(99) Pause Young (Normal) (G1 Evacuation Pause) 1043M->20M(2048M) 0.722ms
[45411.366s][info][gc] GC(100) Pause Young (Normal) (G1 Evacuation Pause) 1043M->20M(2048M) 0.729ms
[45863.366s][info][gc] GC(101) Pause Young (Normal) (G1 Evacuation Pause) 1043M->20M(2048M) 0.732ms
[46316.364s][info][gc] GC(102) Pause Young (Normal) (G1 Evacuation Pause) 1043M->20M(2048M) 0.709ms
[46768.366s][info][gc] GC(103) Pause Young (Normal) (G1 Evacuation Pause) 1043M->20M(2048M) 0.686ms
[47220.366s][info][gc] GC(104) Pause Young (Normal) (G1 Evacuation Pause) 1043M->20M(2048M) 0.688ms
[47672.366s][info][gc] GC(105) Pause Young (Normal) (G1 Evacuation Pause) 1043M->20M(2048M) 0.743ms
[48124.366s][info][gc] GC(106) Pause Young (Normal) (G1 Evacuation Pause) 1043M->20M(2048M) 0.886ms
[48576.976s][info][gc] GC(107) Pause Young (Normal) (G1 Evacuation Pause) 1043M->20M(2048M) 0.693ms
[49029.365s][info][gc] GC(108) Pause Young (Normal) (G1 Evacuation Pause) 1043M->20M(2048M) 0.726ms
[49481.365s][info][gc] GC(109) Pause Young (Normal) (G1 Evacuation Pause) 1043M->20M(2048M) 0.682ms
[49933.365s][info][gc] GC(110) Pause Young (Normal) (G1 Evacuation Pause) 1043M->20M(2048M) 0.704ms
[50385.366s][info][gc] GC(111) Pause Young (Normal) (G1 Evacuation Pause) 1043M->20M(2048M) 0.756ms
[50837.366s][info][gc] GC(112) Pause Young (Normal) (G1 Evacuation Pause) 1043M->20M(2048M) 0.677ms
[51290.365s][info][gc] GC(113) Pause Young (Normal) (G1 Evacuation Pause) 1043M->20M(2048M) 2.039ms
[51741.474s][info][gc] GC(114) Pause Young (Normal) (G1 Evacuation Pause) 1043M->20M(2048M) 0.730ms
[52194.363s][info][gc] GC(115) Pause Young (Normal) (G1 Evacuation Pause) 1043M->20M(2048M) 0.707ms
[52646.365s][info][gc] GC(116) Pause Young (Normal) (G1 Evacuation Pause) 1043M->20M(2048M) 0.703ms
[53098.406s][info][gc] GC(117) Pause Young (Normal) (G1 Evacuation Pause) 1043M->20M(2048M) 0.703ms
[53550.584s][info][gc] GC(118) Pause Young (Normal) (G1 Evacuation Pause) 1043M->20M(2048M) 0.690ms
[54002.715s][info][gc] GC(119) Pause Young (Normal) (G1 Evacuation Pause) 1043M->20M(2048M) 0.702ms
[54454.931s][info][gc] GC(120) Pause Young (Normal) (G1 Evacuation Pause) 1043M->20M(2048M) 0.694ms
[54907.365s][info][gc] GC(121) Pause Young (Normal) (G1 Evacuation Pause) 1043M->20M(2048M) 0.910ms
[55359.365s][info][gc] GC(122) Pause Young (Normal) (G1 Evacuation Pause) 1043M->20M(2048M) 0.748ms
[55811.388s][info][gc] GC(123) Pause Young (Normal) (G1 Evacuation Pause) 1043M->20M(2048M) 0.725ms
[56263.483s][info][gc] GC(124) Pause Young (Normal) (G1 Evacuation Pause) 1043M->21M(2048M) 1.285ms
[56712.364s][info][gc] GC(125) Pause Young (Normal) (G1 Evacuation Pause) 1044M->21M(2048M) 0.980ms
